../LWIP/Target/ethernetif.c:87:6:HAL_ETH_MspInit	64	static
../LWIP/Target/ethernetif.c:150:6:HAL_ETH_MspDeInit	16	static
../LWIP/Target/ethernetif.c:202:13:low_level_init	32	static
../LWIP/Target/ethernetif.c:311:14:low_level_output	48	static
../LWIP/Target/ethernetif.c:395:22:low_level_input	56	static
../LWIP/Target/ethernetif.c:484:6:ethernetif_input	24	static
../LWIP/Target/ethernetif.c:539:7:ethernetif_init	16	static
../LWIP/Target/ethernetif.c:586:7:sys_jiffies	8	static
../LWIP/Target/ethernetif.c:597:7:sys_now	8	static
../LWIP/Target/ethernetif.c:613:6:ethernetif_set_link	24	static
../LWIP/Target/ethernetif.c:651:6:ethernetif_update_config	24	static
../LWIP/Target/ethernetif.c:739:13:ethernetif_notify_conn_changed	16	static
